// Jest Snapshot v1, https://goo.gl/fbAQLP

exports[`Component NotAvailable should match snapshot 1`] = `
<div
  className="not-available"
>
  Some message
</div>
`;
